// Jest Snapshot v1, https://goo.gl/fbAQLP

exports[`renders without crashing 1`] = `
<div
  className="ui comments"
>
  <div
    className="comment"
  >
    <WeatherIcon
      icon="clear-night"
    />
    <div
      className="content summary"
    >
      <div
        className="title"
      >
        56
        Â° 
        Clear
        .
      </div>
      <div
        className="details"
      >
        <WeatherDetail
          name="Feels like"
          value="x"
        />
        <WeatherDetail
          name="Low"
          value="x"
        />
        <WeatherDetail
          name="High"
          value="x"
        />
      </div>
      <div>
        Partly cloudy starting tomorrow morning.
      </div>
    </div>
  </div>
</div>
`;
